<html>
<body>
<pre>
<h1>µVision Build Log</h1>
<h2>Tool Versions:</h2>
IDE-Version: ¦ÌVision V5.24.2.0
Copyright (C) 2017 ARM Ltd and ARM Germany GmbH. All rights reserved.
License Information: 1 1, 11, LIC=YA39H-WF1VY-EVA1R-KQUB2-G89H8-2XFF7
 
Tool Versions:
Toolchain:       MDK-ARM Plus  Version: 5.24.1
Toolchain Path:  E:\AppDownload\keil5\ARM\ARMCC\Bin
C Compiler:      Armcc.exe V5.06 update 5 (build 528)
Assembler:       Armasm.exe V5.06 update 5 (build 528)
Linker/Locator:  ArmLink.exe V5.06 update 5 (build 528)
Library Manager: ArmAr.exe V5.06 update 5 (build 528)
Hex Converter:   FromElf.exe V5.06 update 5 (build 528)
CPU DLL:         SARMCM3.DLL V5.24.1
Dialog DLL:      DCM.DLL V1.16.0.0
Target DLL:      CMSIS_AGDI.dll V1.28.3.0
Dialog DLL:      TCM.DLL V1.32.0.0
 
<h2>Project:</h2>
D:\FreeRTOS\gitbub_Public\W5500_MQTT\MDK-ARM\W5500_MQTT.uvprojx
Project File Date:  03/27/2026

<h2>Output:</h2>
*** Using Compiler 'V5.06 update 5 (build 528)', folder: 'E:\AppDownload\keil5\ARM\ARMCC\Bin'
Rebuild target 'W5500_MQTT'
assembling startup_stm32f411xe.s...
compiling dma.c...
compiling usart.c...
compiling spi.c...
compiling tim.c...
compiling stm32f4xx_hal_msp.c...
compiling stm32f4xx_it.c...
compiling freertos.c...
compiling gpio.c...
compiling main.c...
compiling stm32f4xx_hal_timebase_tim.c...
compiling stm32f4xx_hal_tim_ex.c...
compiling stm32f4xx_hal_tim.c...
compiling stm32f4xx_hal_gpio.c...
compiling stm32f4xx_hal_flash_ramfunc.c...
compiling stm32f4xx_hal_dma.c...
compiling stm32f4xx_hal_pwr_ex.c...
compiling stm32f4xx_hal_dma_ex.c...
compiling stm32f4xx_hal_rcc_ex.c...
compiling stm32f4xx_hal_flash.c...
compiling stm32f4xx_hal_flash_ex.c...
compiling stm32f4xx_hal_pwr.c...
compiling stm32f4xx_hal_rcc.c...
compiling croutine.c...
compiling stm32f4xx_hal_cortex.c...
compiling list.c...
compiling event_groups.c...
compiling stream_buffer.c...
compiling queue.c...
compiling tasks.c...
compiling timers.c...
compiling heap_4.c...
compiling socket.c...
..\Drivers\ioLibrary\socket.c(199): warning:  #177-D: variable "taddr"  was declared but never referenced
      uint8_t taddr[16];
..\Drivers\ioLibrary\socket.c(200): warning:  #177-D: variable "local_port"  was declared but never referenced
      uint16_t local_port = 0;
..\Drivers\ioLibrary\socket.c(772): warning:  #550-D: variable "tcmd"  was set but never used
      uint8_t tcmd = Sn_CR_SEND;
..\Drivers\ioLibrary\socket.c: 3 warnings, 0 errors
compiling stm32f4xx_hal.c...
compiling port.c...
compiling wizchip_conf.c...
compiling dhcp.c...
..\Drivers\ioLibrary\DHCP\dhcp.c(670): warning:  #177-D: variable "addr_len"  was declared but never referenced
      uint8_t addr_len;
..\Drivers\ioLibrary\DHCP\dhcp.c: 1 warning, 0 errors
compiling w5500.c...
compiling mqtt_interface.c...
compiling dns.c...
..\Drivers\ioLibrary\DNS\dns.c(536): warning:  #177-D: variable "addr_len"  was declared but never referenced
      uint8_t addr_len;
..\Drivers\ioLibrary\DNS\dns.c: 1 warning, 0 errors
compiling stm32f4xx_hal_exti.c...
compiling system_stm32f4xx.c...
compiling MQTTConnectClient.c...
compiling MQTTClient.c...
compiling MQTTSerializePublish.c...
compiling MQTTConnectServer.c...
compiling MQTTFormat.c...
..\Drivers\ioLibrary\MQTT\MQTTPacket\src\MQTTFormat.c(183): warning:  #550-D: variable "rc"  was set but never used
          int rc;
..\Drivers\ioLibrary\MQTT\MQTTPacket\src\MQTTFormat.c: 1 warning, 0 errors
compiling stm32f4xx_hal_spi.c...
compiling MQTTDeserializePublish.c...
compiling MQTTPacket.c...
compiling stm32f4xx_hal_uart.c...
compiling MQTTSubscribeServer.c...
compiling MQTTSubscribeClient.c...
compiling mqtt_driver.c...
compiling MQTTUnsubscribeClient.c...
compiling MQTTUnsubscribeServer.c...
compiling debug_uart.c...
compiling cmsis_os2.c...
compiling wizchip_port.c...
linking...
Program Size: Code=18484 RO-data=520 RW-data=160 ZI-data=24176  
FromELF: creating hex file...
"W5500_MQTT\W5500_MQTT.axf" - 0 Error(s), 6 Warning(s).

<h2>Software Packages used:</h2>

Package Vendor: ARM
                http://www.keil.com/pack/ARM.CMSIS.5.0.1.pack
                ARM.CMSIS.5.0.1
                CMSIS (Cortex Microcontroller Software Interface Standard)
   * Component: CORE Version: 5.0.1

Package Vendor: Keil
                http://www.keil.com/pack/Keil.STM32F4xx_DFP.2.2.0.pack
                Keil.STM32F4xx_DFP.2.2.0
                STMicroelectronics STM32F4 Series Device Support, Drivers and Examples

<h2>Collection of Component include folders:</h2>
  .\RTE\_W5500_MQTT
  E:\AppDownload\keil5\ARM\PACK\ARM\CMSIS\5.0.1\CMSIS\Include
  E:\AppDownload\keil5\ARM\PACK\Keil\STM32F4xx_DFP\2.2.0\Drivers\CMSIS\Device\ST\STM32F4xx\Include

<h2>Collection of Component Files used:</h2>

   * Component: ARM::CMSIS:CORE:5.0.1
Build Time Elapsed:  00:00:08
</pre>
</body>
</html>
